I have initiated the smoke test with interpolation disabled to establish the baseline game-loop rate. I will wait for it to complete.
Waiting for smoke test.
I will wait for the task completion notification.
I have launched the smoke test with smooth ON (`SMOKE_OPTS='{"smooth":true}' node port/tools/smoke.mjs 10 /tmp/on.png`). I will wait for it to complete.
I will wait for the counter comparison measurement to complete.
Waiting for counter comparison test.
### Interpolation Implementation Report

#### 1. Every Guard Added and What It Protects
- **[Medium.js](file:///home/evan/resources/ra1/port/Medium.js#L203)**:
  - `jumping` countdown in [`d()`](file:///home/evan/resources/ra1/port/Medium.js#L203): guarded with `!this.interpolating` so camera jump timer advances only on game ticks.
- **[ContO.js](file:///home/evan/resources/ra1/port/ContO.js#L180-L192)**:
  - `p[j].exp` state updates in [`d()`](file:///home/evan/resources/ra1/port/ContO.js#L180): guarded so explosion state transitions across polygon faces only occur on simulation ticks.
  - `hit` flag setting in [`d()`](file:///home/evan/resources/ra1/port/ContO.js#L225): guarded so jumping collision trigger does not re-trip during sub-frames.
  - `hit` reset and `exp` triggering in [`d()`](file:///home/evan/resources/ra1/port/ContO.js#L270): guarded so object destruction and hit state clearance occur only on ticks.
- **[Plane.js](file:///home/evan/resources/ra1/port/Plane.js#L148-L245)**:
  - In [`d()`](file:///home/evan/resources/ra1/port/Plane.js#L148): guarded explosion velocity initialization (`exp === 2 -> 3`), fragment position integration (`ofx`, `ofy`, `ofz`, `ezy`, `exy`, `ady`), smoke particle vertex movement (`sx`, `sy`, `sz`, `sdy`), particle stage advances (`exp` increments), and smoke fading (`sr`, `sg` decrements).
  - In [`s()`](file:///home/evan/resources/ra1/port/Plane.js#L484): guarded shadow explosion random initialization (`exp === 1 -> 2`) and fragment position integration.
- **[Craft.js](file:///home/evan/resources/ra1/port/Craft.js#L677-L745)** / **[Tank.js](file:///home/evan/resources/ra1/port/Tank.js#L436-L468)** / **[userCraft.js](file:///home/evan/resources/ra1/port/userCraft.js#L569-L635)**:
  - In [`dosmokes()`](file:///home/evan/resources/ra1/port/Craft.js#L677): guarded damage smoke (`dms`) and ground smoke (`sms`) particle spawning, slot index increments (`nd`, `ns`), vertical velocity integration (`dy -= 15`, `sy -= 15` / `sy -= 10`), and stage counters.
  - In [`dl()`](file:///home/evan/resources/ra1/port/Craft.js#L845): guarded laser impact stage increment (`++lhit[n]`) and expiration (`lstage[i] = 0`).
- **[xtGraphics.js](file:///home/evan/resources/ra1/port/xtGraphics.js#L131-L1275)**:
  - In [`denter()`](file:///home/evan/resources/ra1/port/xtGraphics.js#L131):
    - `fase === -8`: guarded text scroll counter `cnty`.
    - `fase === -5`: guarded cursor animation counter `cnt`, logo slide `cnts`, spark offset `cntf`, "no saved game" flash timer `wcnt`, and blink state `flik`.
    - `fase === -4`: guarded station damage indicator blink `flik`.
    - `fase === 0`: guarded wireframe toggle counter `wcnt`, ship selection slide counter `rcnt`, and 3D ship presentation rotation `aconto[l3].xz += 2`.
    - `fase === -1`: guarded enemy ship presentation rotation `aconto[this.ob[i3]].xz += 7 + i3` and prompt blink `flik`.
    - `fase === 3`: guarded pause menu box blink `flik`.
    - `fase === 5, 6, 7`: guarded credits 3D ship rotations (`zy += 5`, `--xy`), completion flash `flik`, and completion countdown `cnt`.
    - All menu keyboard input processing (`control.space`, `control.up`, `control.down`, `control.left`, `control.right`, `control.canclick`) guarded so key consumption only happens on ticks.
  - In [`dtrakers()`](file:///home/evan/resources/ra1/port/xtGraphics.js#L1075-L1275):
    - Target destroyed/crashed message timer `cnte` and color alternate counter `cntf`.
    - Mission complete banner rainbow cycle counter `rcnt`.
    - Ship critical warning blink `flik` and flash counter `cnt`.
    - Jump expired alert duration `control.jump`.
    - Speedometer fade counter `cnts`.
    - Inactivity hint timer `tcnt`.
- **[F51.js](file:///home/evan/resources/ra1/port/F51.js#L1339-L1650)**:
  - Race simulation loop: guarded enemy collision tests ([`tryexp`](file:///home/evan/resources/ra1/port/ContO.js#L278)), laser collision handling ([`lasercolid`](file:///home/evan/resources/ra1/port/Craft.js#L800)), physics integration ([`preform`](file:///home/evan/resources/ra1/port/Craft.js#L300)), sound triggers (`this.exp.start()`, `this.hitl.start()`), camera follow state machines ([`behinde`](file:///home/evan/resources/ra1/port/Medium.js#L280), [`right`](file:///home/evan/resources/ra1/port/Medium.js#L330), [`infront`](file:///home/evan/resources/ra1/port/Medium.js#L230), [`left`](file:///home/evan/resources/ra1/port/Medium.js#L305), [`around`](file:///home/evan/resources/ra1/port/Medium.js#L355), [`watch`](file:///home/evan/resources/ra1/port/Medium.js#L255)), and phase end conditions.
  - Menu loops: guarded camera orbital tracking ([`medium.around`](file:///home/evan/resources/ra1/port/Medium.js#L355)) and phase transition triggers (`savegame`, `loadmovers`, `loadsaved`, `setmover`, `set0`).

---

#### 2. Draw-Time Random Numbers
- All draw-time random calls route through [`random()`](file:///home/evan/resources/ra1/port/java.js#L75) in [port/java.js](file:///home/evan/resources/ra1/port/java.js):
  - [Plane.js](file:///home/evan/resources/ra1/port/Plane.js#L149): explosion particle trajectory vectors (`sdx`, `sdz`, `sdy`), particle jitter offsets in smoke vertices (`ai4`, `ai5`, `ai6`), and shadow fragment random seeds (`adx`, `adz`, `ady`, `ofcx`, `ofcy`, `ofcz`, `nx`, `ny`, `nz`, `azy`, `axy`).
  - [Lasers.js](file:///home/evan/resources/ra1/port/Lasers.js#L130): laser spark rendering jitter.
  - [Craft.js](file:///home/evan/resources/ra1/port/Craft.js#L681) / [Tank.js](file:///home/evan/resources/ra1/port/Tank.js#L440) / [userCraft.js](file:///home/evan/resources/ra1/port/userCraft.js#L573): damage and ground smoke spawn offsets.
  - [xtGraphics.js](file:///home/evan/resources/ra1/port/xtGraphics.js#L186): menu background spark lines, random rad offsets, mission complete rainbow fill colors, and credits rotating ship models.
- **Recording & Replay**:
  - Ticks record generated PRNG values via [`startRandomRecording()`](file:///home/evan/resources/ra1/port/java.js#L79).
  - Interpolated sub-frames replay the recorded sequence identically using [`startRandomReplay()`](file:///home/evan/resources/ra1/port/java.js#L85), preventing spark/flame shimmer.

---

#### 3. What is Snapshotted and Restored
- **`ContO` Objects**:
  - `aconto2[0..maxco]` and `aconto[0..53]`:
    - Linear fields: `x`, `y`, `z` (interpolated with `Math.round(blend(..., false))`).
    - Angular fields: `xz`, `xy`, `zy` (interpolated shortest-path modular arithmetic via `blend(..., true)` and evaluated with fractional table lerp in [`SinCos.getsin`/`getcos`](file:///home/evan/resources/ra1/port/SinCos.js#L38)).
    - Depth sorting distance: `dist` (written during sub-frame painter sorting and restored to the exact tick value by `restoreCurr()`).
- **`Medium` Camera**:
  - `x`, `y`, `z` (linear rounded blend), `xz`, `zy` (shortest-path angle blend).

---

#### 4. Measured Game-Loop Rate and Verification

##### Game-Loop Rate (smoke.mjs)
- **Smooth OFF**:
  ```
  --- game loop ---
  25.8 iterations/sec (Java targets ~18/s in a race, ~25/s in menus)
  --- console ---
  SMOKE boot() returned
  SMOKE non-blank pixels: 179924 / 180000
  --- canvas ---
  42637 / 180000 non-blank
  ```
- **Smooth ON**:
  ```
  --- game loop ---
  25.5 iterations/sec (Java targets ~18/s in a race, ~25/s in menus)
  --- console ---
  SMOKE boot() returned
  SMOKE non-blank pixels: 179924 / 180000
  --- canvas ---
  41299 / 180000 non-blank
  ```

##### Menu Counter Delta Test (Smooth ON vs OFF)
```
Counter test: {
  off: { smooth: false, deltaCnt: 0, dt: 3003 },
  on: { smooth: true, deltaCnt: 0, dt: 3005 }
}
```

##### Full Unit Test Suite (`node --test`)
```
✔ keyDown / keyUp reproduce the AWT 1.0 state machine (from probe) (0.349759ms)
✔ lostFocus clears the controls only once a level is loaded (from probe) (0.484392ms)
✔ mouseDown starts the game only once a level is loaded (from probe) (0.199546ms)
✔ Lasers constructor initializes speed, rads, srate, damg arrays (1.385229ms)
✔ xs() and ys() screen projection calculations and overflow wrapping (0.268556ms)
✔ rot() 2D rotation helper with float32 trigonometric rounding (0.429249ms)
✔ dt() 3D transform mutates coordinates in-place and renders polygon (0.655204ms)
✔ d() draws deterministic laser types 0, 1, 4, 5, 6, 7, 8, 10 without error (1.285611ms)
✔ constructor defaults match the real class (1.577311ms)
✔ ys clamps j and wraps at int32 (0.224142ms)
✔ infront (infront_a) tracks Java for eight steps (1.288086ms)
✔ infront (infront_b) tracks Java for eight steps (0.359107ms)
✔ behinde (behinde_a) tracks Java for eight steps (0.328418ms)
✔ behinde (behinde_b) tracks Java for eight steps (0.26014ms)
✔ left (left) tracks Java for eight steps (0.320524ms)
✔ right (right) tracks Java for eight steps (0.287902ms)
✔ watch (watch) tracks Java for eight steps (0.935411ms)
✔ infront (infront_neg) tracks Java for eight steps (0.379555ms)
✔ behinde (behinde_neg) tracks Java for eight steps (0.258186ms)
✔ left (left_neg) tracks Java for eight steps (0.239831ms)
✔ right (right_neg) tracks Java for eight steps (0.187854ms)
✔ watch (watch_neg) tracks Java for eight steps (0.377521ms)
✔ infront (infront_ab) tracks Java for eight steps (0.227649ms)
✔ behinde (behinde_ab) tracks Java for eight steps (0.167526ms)
✔ left (left_ab) tracks Java for eight steps (0.19667ms)
✔ right (right_ab) tracks Java for eight steps (0.205718ms)
✔ infront (infront_cv) tracks Java for eight steps (0.161995ms)
✔ behinde (behinde_cv) tracks Java for eight steps (0.199816ms)
✔ left (left_cv) tracks Java for eight steps (0.188885ms)
✔ right (right_cv) tracks Java for eight steps (0.215666ms)
✔ around(3000) tracks Java for eight steps (0.324631ms)
✔ around(6000) tracks Java for eight steps (0.239641ms)
✔ d() clamps zy and y, recomputes ground, decrements jumping (0.439137ms)
✔ constructor: n, ox, oy, oz, c fields (from probe) (1.292855ms)
✔ constructor: deltaf_after_ctor = 3.5538489E10 (from probe) (0.281069ms)
✔ constructor: projf_after_ctor = 1.0 (from probe) (0.202452ms)
✔ constructor: sr=255, sg=220, exp=0 (from probe) (0.646968ms)
✔ loadprojf: projf = 3.5317494E10 (from probe) (0.228641ms)
✔ xs(3000, 2000) = 800 (from probe) (0.1911ms)
✔ xs(-500, 800) = -125 (from probe) (0.135305ms)
✔ xs(200, 5) = -1750 — j<10 clamped to 10 (from probe) (0.119605ms)
✔ xs(200, -100) = -1750 — negative j clamped to 10 (from probe) (0.282993ms)
✔ xs(0, 0) = -9750 — j==0 clamped to 10 (from probe) (0.287491ms)
✔ ys(3000, 2000) = 720 (from probe) (0.216057ms)
✔ ys(-500, 800) = -175 (from probe) (0.111881ms)
✔ ys(200, 5) = 2150 — j<10 clamped to 10 (from probe) (0.108364ms)
✔ ys(200, -100) = 2150 — negative j clamped to 10 (from probe) (0.101671ms)
✔ ys(0, 0) = -5850 — j==0 clamped to 10 (from probe) (0.099878ms)
✔ spy(250, 0) = 0 — on-centre (from probe) (0.115939ms)
✔ spy(0, 0) = 250 (from probe) (0.093476ms)
✔ spy(1000, 1000) = 1250 (from probe) (0.093055ms)
✔ spy(50000, 60000) = 42191 — int32 overflow, wrapped (from probe) (0.107914ms)
✔ spy(-30000, -40000) = 0 — wrapped sum is negative, sqrt(neg)=NaN, trunc(NaN)=0 (from probe) (0.082776ms)
✔ rot k=45: arrays rotated in place (from probe) (0.174669ms)
✔ rot k=0 is a no-op: arrays unchanged (from probe) (0.093847ms)
✔ d() exp=0 flag=false: av=4382, projf=2.89187738E10, exp=0 (from probe) (0.558933ms)
✔ d() exp=0 flag=true: av=4233, projf=28754.979 (from probe) (0.155283ms)
✔ s() exp=0 all oy>ground: exp unchanged (from probe: exp_after_s_allaboveground=0) (0.235143ms)
✔ s() exp=0 all oy<ground: shadow drawn, exp unchanged (from probe: exp_after_s_belowground=0) (0.152638ms)
✔ tsin and tcos arrays have length 360 (1.209738ms)
✔ tsin table spot-checks — first five entries (from probe) (0.113022ms)
✔ tsin table spot-checks — boundary angles (from probe) (0.144933ms)
✔ tcos table spot-checks — first five entries (from probe) (0.112833ms)
✔ tcos table spot-checks — boundary angles (from probe) (0.114366ms)
✔ tsin/tcos mid-table entries at 45 and 135 (from probe) (0.106571ms)
✔ getsin in-range inputs (from probe) (0.149752ms)
✔ getcos in-range inputs (from probe) (0.151125ms)
✔ getsin wraps angles >= 360 (from probe) (0.256954ms)
✔ getcos wraps angles >= 360 (from probe) (0.267123ms)
✔ getsin wraps negative angles (from probe) (0.166604ms)
✔ getcos wraps negative angles (from probe) (0.1006ms)
✔ constructor: default fields match Java (from probe) (1.076728ms)
✔ getpy() and getcpy() calculate squared distances with int32 wrapping (from probe) (1.253822ms)
✔ reset() reinitializes rspeed, ltyp, pexp and clears lstage array (from probe) (0.238359ms)
✔ lasercolid() tests target collision (from probe) (0.457161ms)
✔ dl() advances and clears laser hit stages (from probe) (1.048716ms)
✔ dosmokes() spawns and updates smoke particles (from probe) (0.448675ms)
✔ preform() Scenario A: 5-step turnleft simulation (from probe) (3.066115ms)
✔ preform() Scenario B: 5-step turnright simulation (from probe) (1.657993ms)
✔ preform() Scenario C: boundary clamping (from probe) (1.302753ms)
✔ preform() Scenario D: pitch/roll normalisation (from probe) (1.404686ms)
✔ preform() Scenario E: gravity behavior (from probe) (0.88164ms)
✔ preform() Scenario F: laser firing (from probe) (0.949969ms)
✔ preform() Scenario G: laser homing update (from probe) (1.138875ms)
✔ preform() Scenario H: response and steering tracking (from probe) (0.834702ms)
✔ preform() Case A discriminator: xy == 180 with a fractional step (from probe) (0.997509ms)
✔ constructor: default fields match Java (from probe) (1.50294ms)
✔ reset: clears velocities and sets craft type and njumps (0.277022ms)
✔ getpy: distance calculation with integer wrapping (0.205788ms)
✔ preform: air flight with up and left controls (1.649867ms)
✔ preform: air flight with down, right, and plus controls (0.595692ms)
✔ preform: air flight with down key and xy=95 (discriminator Sites 3 & 4) (0.369115ms)
✔ preform: ground crash triggers explosion and aligns xy (0.870219ms)
✔ preform: ground upright flight with down key and mins (0.431593ms)
✔ preform: ground flight with down key and xy=95 (discriminator Site 5) (0.517925ms)
✔ preform: lift upper clamp and negative x / positive z boundary clamping (0.491345ms)
✔ preform: lift lower clamp and positive x / negative z boundary clamping (0.299825ms)
✔ preform: jump charge and launch (0.240794ms)
✔ preform: laser spawning and enemy tracking atan/sqrt orientation (0.372532ms)
✔ preform: easter egg trigger and medium color channel swaps (0.93494ms)
✔ lasercolid: laser hit registration (0.43583ms)
✔ dl: laser animation and completion lifecycle (1.192576ms)
✔ readLines splits a real level file the way DataInputStream.readLine does (3.409261ms)
✔ readLines is Latin-1, not UTF-8 (0.190879ms)
✔ readZip inflates models.zrad, entries in stored order (42.284927ms)
✔ readZip entry names match the objects/ models (18.218662ms)
✔ 1. Constructor and default field initialisation (from probe lines 1-35) (1.369079ms)
✔ 2. Screen projection and distance calculations (from probe lines 36-53) (2.440757ms)
✔ 3. Reset and alldest state transitions (from probe lines 54-69) (0.47812ms)
✔ 4. Pixel blending algorithms and buffer updates (from probe lines 67-76) (36.196211ms)
✔ 5. dtrakers tracking scenarios (from probe lines 77-81) (3.269097ms)
✔ 6. denter phase transitions (from probe lines 82-120) (14.299671ms)
ℹ tests 129
ℹ suites 0
ℹ pass 129
ℹ fail 0
ℹ cancelled 0
ℹ skipped 0
ℹ todo 0
ℹ duration_ms 129.64118
```

---

#### 5. Identified Edge Cases & Decision Rationales
1. **Camera Position and Orientation Blending**:
   - `Medium.behinde`, `Medium.watch`, `Medium.around`, etc. are stateful tracking routines executed once per tick. Re-evaluating them during sub-frames causes camera stutter. The camera's `x`, `y`, `z`, `xz`, and `zy` are instead snapshotted and linearly/angularly blended along with the world objects, preserving exact synchrony between camera and crafts.
2. **`xtGraphics` Direct Framebuffer Reads (`drawl`, `drawop`, `drawefimg`)**:
   - Menu background effects read back pixels from `offImage`. With the execution order identical between ticks and sub-frames, sub-frame draws write directly to the canvas without disturbing subsequent pixel-grab operations.
3. **`F51.repaint()` Instrument Compatibility**:
   - `boot-smoke.html` counts game ticks via `F51.prototype.repaint`. Sub-frame presentation occurs on the canvas directly inside the pacer loop, leaving `repaint()` strictly aligned with the ~18Hz/~25Hz simulation tick cadence.
